// Jest Snapshot v1, https://goo.gl/fbAQLP

exports[`kingsway-georgian page matches the snapshot 1`] = `
<div>
  <div
    class="page"
  >
    <aside>
      <a
        class="logo-link"
        href="/"
      >
        <img
          alt="Architrave Design, Architect logo"
          id="logo"
          src="test-file-stub"
        />
      </a>
      <nav>
        <header
          class="side"
        >
          <p>
            Architrave Design
          </p>
          <p>
            |
          </p>
          <p>
            Architect
          </p>
        </header>
        <ul
          class="mainNav"
        >
          <li>
            <a
              class="portfolioNav"
              href="/portfolio/new-homes"
            >
              Portfolio
            </a>
          </li>
          <ul
            class="subNav subNavVisible"
          >
            <li>
              <a
                class="selected"
                href="/portfolio/new-homes"
              >
                New Homes
              </a>
            </li>
            <li>
              <a
                class=""
                href="/portfolio/renovations-additions"
              >
                Renovations
              </a>
            </li>
            <li>
              <a
                href="/portfolio/upcoming"
              >
                Upcoming
              </a>
            </li>
          </ul>
          <li>
            <a
              href="/about"
            >
              About
            </a>
          </li>
          <li>
            <a
              href="/reviews"
            >
              Reviews
            </a>
          </li>
          <li>
            <a
              href="/contact"
            >
              Contact
            </a>
          </li>
        </ul>
      </nav>
      <div
        class="houzz-badges"
      >
        <a
          class="houzz-badge houzz-logo"
          href="http://www.houzz.com/pro/architrave/architrave-design-architect"
          title="Architrave Design on Houzz"
        >
          <img
            alt="Houzz logo"
            src="test-file-stub"
          />
        </a>
        <a
          class="houzz-badge best-of-houzz"
          href="http://www.houzz.com/pro/architrave/architrave-design-architect"
          title="Best of Houzz 2021"
        >
          <img
            alt="Best of Houzz 2021 badge"
            src="test-file-stub"
          />
        </a>
        <a
          class="houzz-badge best-of-houzz"
          href="http://www.houzz.com/pro/architrave/architrave-design-architect"
          title="Best of Houzz 2026"
        >
          <img
            alt="Best of Houzz 2026 badge"
            src="test-file-stub"
          />
        </a>
      </div>
    </aside>
    <div
      class="content portfolio"
    >
      <header
        class="top"
      >
        <p>
          Architrave Design
        </p>
        <p>
          |
        </p>
        <p>
          Architect
        </p>
      </header>
      <main>
        <section
          class="contentWrapper layoutAll layoutProject defaultLayout"
        >
          <div
            class="row css-1dyv453"
          >
            <div
              class="column css-aw7wqq"
            >
              <div
                class="image-tile clearfix  item image image1"
              >
                <div
                  class="shadowOverlay clearfix"
                >
                  <img
                    alt=""
                    class="imageDiv imageDiv1 cld-responsive css-1w9t0u2"
                    src="https://res.cloudinary.com/alisonkhall/image/upload/h_1500,c_scale,f_auto,q_auto/v1595347141/ArchitraveDesign/1-New-Homes/1-Kingsway-Classic-Georgian/1-Front-Facade_eohlwb.jpg"
                  />
                </div>
              </div>
            </div>
          </div>
          <div
            class="row css-3czr7x"
          >
            <div
              class="column css-aw7wqq"
            >
              <section
                class="textBlurb  item"
              >
                <div
                  class="headingSection"
                >
                  <h2
                    class="title"
                  >
                    Kingsway Georgian
                  </h2>
                </div>
                <p
                  class="text"
                >
                  This classic 3-storey Georgian home was built with hand-crafted detail throughout. A limestone portico leads guests into a gracious marble foyer and paneled hall. Designed for elegant entertaining, it still remains a warm and welcoming family home.
                </p>
              </section>
            </div>
          </div>
          <div
            class="row css-3czr7x"
          >
            <div
              class="column css-1k5yxij"
            >
              <div
                class="row css-1xigkwb"
              >
                <div
                  class="column css-aw7wqq"
                >
                  <div
                    class="image-tile clearfix  item image image2"
                  >
                    <div
                      class="shadowOverlay clearfix"
                    >
                      <img
                        alt=""
                        class="imageDiv imageDiv2 cld-responsive css-1w9t0u2"
                        src="https://res.cloudinary.com/alisonkhall/image/upload/h_800,c_scale,f_auto,q_auto/v1595347138/ArchitraveDesign/1-New-Homes/1-Kingsway-Classic-Georgian/2-Cut-Stone_Portico_doxm8y.jpg"
                      />
                    </div>
                  </div>
                </div>
              </div>
              <div
                class="row css-3czr7x"
              >
                <div
                  class="column css-aw7wqq"
                >
                  <div
                    class="image-tile clearfix  item image image4"
                  >
                    <div
                      class="shadowOverlay clearfix"
                    >
                      <img
                        alt=""
                        class="imageDiv imageDiv4 cld-responsive css-1w9t0u2"
                        src="https://res.cloudinary.com/alisonkhall/image/upload/h_800,c_scale,f_auto,q_auto/v1595347150/ArchitraveDesign/1-New-Homes/1-Kingsway-Classic-Georgian/3-Back-Garden_bczadu.jpg"
                      />
                    </div>
                  </div>
                </div>
              </div>
            </div>
            <div
              class="column css-1qiuex3"
            >
              <div
                class="row css-d198kr"
              >
                <div
                  class="column css-aw7wqq"
                >
                  <div
                    class="image-tile clearfix  item image image4"
                  >
                    <div
                      class="shadowOverlay clearfix"
                    >
                      <img
                        alt=""
                        class="imageDiv imageDiv4 cld-responsive css-1w9t0u2"
                        src="https://res.cloudinary.com/alisonkhall/image/upload/h_1400,c_scale,f_auto,q_auto/v1595347141/ArchitraveDesign/1-New-Homes/1-Kingsway-Classic-Georgian/5-Main-Hall_txsam1.jpg"
                      />
                    </div>
                  </div>
                </div>
              </div>
              <div
                class="row css-3czr7x"
              >
                <div
                  class="column css-aw7wqq"
                >
                  <section
                    class="textBlurbFiller  item"
                  />
                </div>
              </div>
            </div>
          </div>
          <div
            class="row css-3czr7x"
          >
            <div
              class="column css-pmqkw7"
            >
              <div
                class="row css-15p7jjd"
              >
                <div
                  class="column css-aw7wqq"
                >
                  <div
                    class="image-tile clearfix  item image image5"
                  >
                    <div
                      class="shadowOverlay clearfix"
                    >
                      <img
                        alt=""
                        class="imageDiv imageDiv5 cld-responsive css-1w9t0u2"
                        src="https://res.cloudinary.com/alisonkhall/image/upload/h_700,c_scale,f_auto,q_auto/v1595347145/ArchitraveDesign/1-New-Homes/1-Kingsway-Classic-Georgian/7-Family-Room_lh91x1.jpg"
                      />
                    </div>
                  </div>
                </div>
              </div>
              <div
                class="row css-15p7jjd"
              >
                <div
                  class="column css-aw7wqq"
                >
                  <div
                    class="image-tile clearfix  item image image6"
                  >
                    <div
                      class="shadowOverlay clearfix"
                    >
                      <img
                        alt=""
                        class="imageDiv imageDiv6 cld-responsive css-1w9t0u2"
                        src="https://res.cloudinary.com/alisonkhall/image/upload/h_700,c_scale,f_auto,q_auto/v1595347144/ArchitraveDesign/1-New-Homes/1-Kingsway-Classic-Georgian/8-Kitchen_mrd8z9.jpg"
                      />
                    </div>
                  </div>
                </div>
              </div>
              <div
                class="row css-15p7jjd"
              >
                <div
                  class="column css-aw7wqq"
                >
                  <div
                    class="image-tile clearfix  item image image7"
                  >
                    <div
                      class="shadowOverlay clearfix"
                    >
                      <img
                        alt=""
                        class="imageDiv imageDiv7 cld-responsive css-1w9t0u2"
                        src="https://res.cloudinary.com/alisonkhall/image/upload/h_700,c_scale,f_auto,q_auto/v1595347149/ArchitraveDesign/1-New-Homes/1-Kingsway-Classic-Georgian/10-Island-_-Servery_whpyxm.jpg"
                      />
                    </div>
                  </div>
                </div>
              </div>
            </div>
            <div
              class="column css-j6yd8y"
            >
              <div
                class="row css-wlsud6"
              >
                <div
                  class="column css-aw7wqq"
                >
                  <div
                    class="image-tile clearfix  item image image8"
                  >
                    <div
                      class="shadowOverlay clearfix"
                    >
                      <img
                        alt=""
                        class="imageDiv imageDiv8 cld-responsive css-1w9t0u2"
                        src="https://res.cloudinary.com/alisonkhall/image/upload/h_1080,c_scale,f_auto,q_auto/v1595347140/ArchitraveDesign/1-New-Homes/1-Kingsway-Classic-Georgian/6-Sitting-Room_et7o9z.jpg"
                      />
                    </div>
                  </div>
                </div>
              </div>
              <div
                class="row css-wlsud6"
              >
                <div
                  class="column css-aw7wqq"
                >
                  <div
                    class="image-tile clearfix  item image image9"
                  >
                    <div
                      class="shadowOverlay clearfix"
                    >
                      <img
                        alt=""
                        class="imageDiv imageDiv9 cld-responsive css-1w9t0u2"
                        src="https://res.cloudinary.com/alisonkhall/image/upload/h_1080,c_scale,f_auto,q_auto/v1595347150/ArchitraveDesign/1-New-Homes/1-Kingsway-Classic-Georgian/9-Breakfast-Banquette_plhghs.jpg"
                      />
                    </div>
                  </div>
                </div>
              </div>
            </div>
          </div>
          <div
            class="row css-15p7jjd"
          >
            <div
              class="column css-1ba732t"
            >
              <div
                class="image-tile clearfix  item image image10"
              >
                <div
                  class="shadowOverlay clearfix"
                >
                  <img
                    alt=""
                    class="imageDiv imageDiv10 cld-responsive css-1w9t0u2"
                    src="https://res.cloudinary.com/alisonkhall/image/upload/h_700,c_scale,f_auto,q_auto/v1595347144/ArchitraveDesign/1-New-Homes/1-Kingsway-Classic-Georgian/11-Landing-_-Window-seat_y0xb7c.jpg"
                  />
                </div>
              </div>
            </div>
            <div
              class="column css-1xamtzh"
            >
              <div
                class="image-tile clearfix  item image image11"
              >
                <div
                  class="shadowOverlay clearfix"
                >
                  <img
                    alt=""
                    class="imageDiv imageDiv11 cld-responsive css-1w9t0u2"
                    src="https://res.cloudinary.com/alisonkhall/image/upload/h_700,c_scale,f_auto,q_auto/v1595347149/ArchitraveDesign/1-New-Homes/1-Kingsway-Classic-Georgian/13-Freestanding-Tub_oo8ylx.jpg"
                  />
                </div>
              </div>
            </div>
            <div
              class="column css-1ba732t"
            >
              <div
                class="image-tile clearfix  item image image12"
              >
                <div
                  class="shadowOverlay clearfix"
                >
                  <img
                    alt=""
                    class="imageDiv imageDiv12 cld-responsive css-1w9t0u2"
                    src="https://res.cloudinary.com/alisonkhall/image/upload/h_700,c_scale,f_auto,q_auto/v1595347151/ArchitraveDesign/1-New-Homes/1-Kingsway-Classic-Georgian/15-Third-Floor-Guest-Suite_my5izk.jpg"
                  />
                </div>
              </div>
            </div>
          </div>
          <a
            class="prevProject"
            href="/portfolio/new-homes/hoggs-hollow-french"
          >
            <img
              alt=""
              src="test-file-stub"
            />
            <span>
              Previous Project
            </span>
          </a>
          <a
            class="nextProject"
            href="/portfolio/new-homes/classic-centre-hall"
          >
            <span>
              Next Project
            </span>
            <img
              alt=""
              src="test-file-stub"
            />
          </a>
        </section>
        <section
          class="contentWrapper layoutAll layoutProject wideLayout"
        >
          <div
            class="row css-1obek1y"
          >
            <div
              class="column css-16cbdsf"
            >
              <div
                class="image-tile clearfix  item image image1"
              >
                <div
                  class="shadowOverlay clearfix"
                >
                  <img
                    alt=""
                    class="imageDiv imageDiv1 cld-responsive css-1w9t0u2"
                    src="https://res.cloudinary.com/alisonkhall/image/upload/h_1000,c_scale,f_auto,q_auto/v1595347141/ArchitraveDesign/1-New-Homes/1-Kingsway-Classic-Georgian/1-Front-Facade_eohlwb.jpg"
                  />
                </div>
              </div>
            </div>
            <div
              class="column css-1tu6jbu"
            >
              <div
                class="image-tile clearfix  item image image2"
              >
                <div
                  class="shadowOverlay clearfix"
                >
                  <img
                    alt=""
                    class="imageDiv imageDiv2 cld-responsive css-1w9t0u2"
                    src="https://res.cloudinary.com/alisonkhall/image/upload/h_1000,c_scale,f_auto,q_auto/v1595347138/ArchitraveDesign/1-New-Homes/1-Kingsway-Classic-Georgian/2-Cut-Stone_Portico_doxm8y.jpg"
                  />
                </div>
              </div>
            </div>
            <div
              class="column css-1k18avw"
            >
              <div
                class="image-tile clearfix  item image image4"
              >
                <div
                  class="shadowOverlay clearfix"
                >
                  <img
                    alt=""
                    class="imageDiv imageDiv4 cld-responsive css-1w9t0u2"
                    src="https://res.cloudinary.com/alisonkhall/image/upload/h_1000,c_scale,f_auto,q_auto/v1595347150/ArchitraveDesign/1-New-Homes/1-Kingsway-Classic-Georgian/3-Back-Garden_bczadu.jpg"
                  />
                </div>
              </div>
            </div>
          </div>
          <div
            class="row css-3czr7x"
          >
            <div
              class="column css-aw7wqq"
            >
              <section
                class="textBlurb  item"
              >
                <div
                  class="headingSection"
                >
                  <h2
                    class="title"
                  >
                    Kingsway Georgian
                  </h2>
                </div>
                <p
                  class="text"
                >
                  This classic 3-storey Georgian home was built with hand-crafted detail throughout. A limestone portico leads guests into a gracious marble foyer and paneled hall. Designed for elegant entertaining, it still remains a warm and welcoming family home.
                </p>
              </section>
            </div>
          </div>
          <div
            class="row css-15p7jjd"
          >
            <div
              class="column css-1yn8kn"
            >
              <div
                class="image-tile clearfix  item image image13"
              >
                <div
                  class="shadowOverlay clearfix"
                >
                  <img
                    alt=""
                    class="imageDiv imageDiv13 cld-responsive css-1w9t0u2"
                    src="https://res.cloudinary.com/alisonkhall/image/upload/h_700,c_scale,f_auto,q_auto/v1595347139/ArchitraveDesign/1-New-Homes/1-Kingsway-Classic-Georgian/4-Marble-Foyer_ogejte.jpg"
                  />
                </div>
              </div>
            </div>
            <div
              class="column css-1yn8kn"
            >
              <div
                class="image-tile clearfix  item image image8"
              >
                <div
                  class="shadowOverlay clearfix"
                >
                  <img
                    alt=""
                    class="imageDiv imageDiv8 cld-responsive css-1w9t0u2"
                    src="https://res.cloudinary.com/alisonkhall/image/upload/h_700,c_scale,f_auto,q_auto/v1595347140/ArchitraveDesign/1-New-Homes/1-Kingsway-Classic-Georgian/6-Sitting-Room_et7o9z.jpg"
                  />
                </div>
              </div>
            </div>
            <div
              class="column css-1yn8kn"
            >
              <div
                class="image-tile clearfix  item image image4"
              >
                <div
                  class="shadowOverlay clearfix"
                >
                  <img
                    alt=""
                    class="imageDiv imageDiv4 cld-responsive css-1w9t0u2"
                    src="https://res.cloudinary.com/alisonkhall/image/upload/h_700,c_scale,f_auto,q_auto/v1595347141/ArchitraveDesign/1-New-Homes/1-Kingsway-Classic-Georgian/5-Main-Hall_txsam1.jpg"
                  />
                </div>
              </div>
            </div>
            <div
              class="column css-zdsbh6"
            >
              <div
                class="row css-1drxj33"
              >
                <div
                  class="column css-aw7wqq"
                >
                  <div
                    class="image-tile clearfix  item image image5"
                  >
                    <div
                      class="shadowOverlay clearfix"
                    >
                      <img
                        alt=""
                        class="imageDiv imageDiv5 cld-responsive css-1w9t0u2"
                        src="https://res.cloudinary.com/alisonkhall/image/upload/h_550,c_scale,f_auto,q_auto/v1595347145/ArchitraveDesign/1-New-Homes/1-Kingsway-Classic-Georgian/7-Family-Room_lh91x1.jpg"
                      />
                    </div>
                  </div>
                </div>
              </div>
              <div
                class="row css-3czr7x"
              >
                <div
                  class="column css-aw7wqq"
                >
                  <section
                    class="textBlurbFiller  item"
                  />
                </div>
              </div>
            </div>
          </div>
          <div
            class="row css-erfvca"
          >
            <div
              class="column css-pf37s7"
            >
              <div
                class="image-tile clearfix  item image image9"
              >
                <div
                  class="shadowOverlay clearfix"
                >
                  <img
                    alt=""
                    class="imageDiv imageDiv9 cld-responsive css-1w9t0u2"
                    src="https://res.cloudinary.com/alisonkhall/image/upload/h_650,c_scale,f_auto,q_auto/v1595347150/ArchitraveDesign/1-New-Homes/1-Kingsway-Classic-Georgian/9-Breakfast-Banquette_plhghs.jpg"
                  />
                </div>
              </div>
            </div>
            <div
              class="column css-ctplcg"
            >
              <div
                class="image-tile clearfix  item image image6"
              >
                <div
                  class="shadowOverlay clearfix"
                >
                  <img
                    alt=""
                    class="imageDiv imageDiv6 cld-responsive css-1w9t0u2"
                    src="https://res.cloudinary.com/alisonkhall/image/upload/h_650,c_scale,f_auto,q_auto/v1595347144/ArchitraveDesign/1-New-Homes/1-Kingsway-Classic-Georgian/8-Kitchen_mrd8z9.jpg"
                  />
                </div>
              </div>
            </div>
            <div
              class="column css-zdsbh6"
            >
              <div
                class="image-tile clearfix  item image image7"
              >
                <div
                  class="shadowOverlay clearfix"
                >
                  <img
                    alt=""
                    class="imageDiv imageDiv7 cld-responsive css-1w9t0u2"
                    src="https://res.cloudinary.com/alisonkhall/image/upload/h_650,c_scale,f_auto,q_auto/v1595347149/ArchitraveDesign/1-New-Homes/1-Kingsway-Classic-Georgian/10-Island-_-Servery_whpyxm.jpg"
                  />
                </div>
              </div>
            </div>
          </div>
          <div
            class="row css-1xigkwb"
          >
            <div
              class="column css-u5qdil"
            >
              <div
                class="image-tile clearfix  item image image10"
              >
                <div
                  class="shadowOverlay clearfix"
                >
                  <img
                    alt=""
                    class="imageDiv imageDiv10 cld-responsive css-1w9t0u2"
                    src="https://res.cloudinary.com/alisonkhall/image/upload/h_800,c_scale,f_auto,q_auto/v1595347144/ArchitraveDesign/1-New-Homes/1-Kingsway-Classic-Georgian/11-Landing-_-Window-seat_y0xb7c.jpg"
                  />
                </div>
              </div>
            </div>
            <div
              class="column css-13pkd94"
            >
              <div
                class="image-tile clearfix  item image image14"
              >
                <div
                  class="shadowOverlay clearfix"
                >
                  <img
                    alt=""
                    class="imageDiv imageDiv14 cld-responsive css-1w9t0u2"
                    src="https://res.cloudinary.com/alisonkhall/image/upload/h_800,c_scale,f_auto,q_auto/v1595347146/ArchitraveDesign/1-New-Homes/1-Kingsway-Classic-Georgian/12-Ensuite-with-His-_-Hers-Vanities_x1h75n.jpg"
                  />
                </div>
              </div>
            </div>
            <div
              class="column css-13pkd94"
            >
              <div
                class="image-tile clearfix  item image image15"
              >
                <div
                  class="shadowOverlay clearfix"
                >
                  <img
                    alt=""
                    class="imageDiv imageDiv15 cld-responsive css-1w9t0u2"
                    src="https://res.cloudinary.com/alisonkhall/image/upload/h_800,c_scale,f_auto,q_auto/v1595347150/ArchitraveDesign/1-New-Homes/1-Kingsway-Classic-Georgian/14-Jack_n_Jill-Bathroom_lxvxyl.jpg"
                  />
                </div>
              </div>
            </div>
            <div
              class="column css-u5qdil"
            >
              <div
                class="image-tile clearfix  item image image12"
              >
                <div
                  class="shadowOverlay clearfix"
                >
                  <img
                    alt=""
                    class="imageDiv imageDiv12 cld-responsive css-1w9t0u2"
                    src="https://res.cloudinary.com/alisonkhall/image/upload/h_800,c_scale,f_auto,q_auto/v1595347151/ArchitraveDesign/1-New-Homes/1-Kingsway-Classic-Georgian/15-Third-Floor-Guest-Suite_my5izk.jpg"
                  />
                </div>
              </div>
            </div>
          </div>
          <a
            class="prevProject"
            href="/portfolio/new-homes/hoggs-hollow-french"
          >
            <img
              alt=""
              src="test-file-stub"
            />
            <span>
              Previous Project
            </span>
          </a>
          <a
            class="nextProject"
            href="/portfolio/new-homes/classic-centre-hall"
          >
            <span>
              Next Project
            </span>
            <img
              alt=""
              src="test-file-stub"
            />
          </a>
        </section>
      </main>
      <footer>
        <div
          class="houzz-badges"
        >
          <a
            class="houzz-badge houzz-logo-footer"
            href="http://www.houzz.com/pro/architrave/architrave-design-architect"
            title="Architrave Design on Houzz"
          >
            <img
              alt="Houzz logo"
              src="test-file-stub"
            />
          </a>
          <a
            class="houzz-badge best-of-houzz-footer"
            href="http://www.houzz.com/pro/architrave/architrave-design-architect"
            title="Best of Houzz 2021"
          >
            <img
              alt="Best of Houzz 2021 badge"
              src="test-file-stub"
            />
          </a>
          <a
            class="houzz-badge best-of-houzz-footer"
            href="http://www.houzz.com/pro/architrave/architrave-design-architect"
            title="Best of Houzz 2026"
          >
            <img
              alt="Best of Houzz 2026 badge"
              src="test-file-stub"
            />
          </a>
        </div>
        <a
          class="sitemap"
          href="/sitemap"
        >
          Site Map
        </a>
        <p
          class="copyright"
        >
          © 
          2026
        </p>
        <p
          class="websiteBy"
        >
          Website by 
          <a
            href="https://alisonkhall.com/"
          >
            Alison Hall
          </a>
        </p>
      </footer>
    </div>
  </div>
</div>
`;
