// Jest Snapshot v1, https://goo.gl/fbAQLP

exports[`princess-margaret-classic page matches the snapshot 1`] = `
<div>
  <div
    class="page"
  >
    <aside>
      <a
        class="logo-link"
        href="/"
      >
        <img
          alt="Architrave Design, Architect logo"
          id="logo"
          src="test-file-stub"
        />
      </a>
      <nav>
        <header
          class="side"
        >
          <p>
            Architrave Design
          </p>
          <p>
            |
          </p>
          <p>
            Architect
          </p>
        </header>
        <ul
          class="mainNav"
        >
          <li>
            <a
              class="portfolioNav"
              href="/portfolio/new-homes"
            >
              Portfolio
            </a>
          </li>
          <ul
            class="subNav subNavVisible"
          >
            <li>
              <a
                class="selected"
                href="/portfolio/new-homes"
              >
                New Homes
              </a>
            </li>
            <li>
              <a
                class=""
                href="/portfolio/renovations-additions"
              >
                Renovations
              </a>
            </li>
            <li>
              <a
                href="/portfolio/upcoming"
              >
                Upcoming
              </a>
            </li>
          </ul>
          <li>
            <a
              href="/about"
            >
              About
            </a>
          </li>
          <li>
            <a
              href="/reviews"
            >
              Reviews
            </a>
          </li>
          <li>
            <a
              href="/contact"
            >
              Contact
            </a>
          </li>
        </ul>
      </nav>
      <div
        class="houzz-badges"
      >
        <a
          class="houzz-badge houzz-logo"
          href="http://www.houzz.com/pro/architrave/architrave-design-architect"
          title="Architrave Design on Houzz"
        >
          <img
            alt="Houzz logo"
            src="test-file-stub"
          />
        </a>
        <a
          class="houzz-badge best-of-houzz"
          href="http://www.houzz.com/pro/architrave/architrave-design-architect"
          title="Best of Houzz 2021"
        >
          <img
            alt="Best of Houzz 2021 badge"
            src="test-file-stub"
          />
        </a>
        <a
          class="houzz-badge best-of-houzz"
          href="http://www.houzz.com/pro/architrave/architrave-design-architect"
          title="Best of Houzz 2026"
        >
          <img
            alt="Best of Houzz 2026 badge"
            src="test-file-stub"
          />
        </a>
      </div>
    </aside>
    <div
      class="content portfolio"
    >
      <header
        class="top"
      >
        <p>
          Architrave Design
        </p>
        <p>
          |
        </p>
        <p>
          Architect
        </p>
      </header>
      <main>
        <section
          class="contentWrapper layoutAll layoutProject defaultLayout"
        >
          <div
            class="row css-1pemqfb"
          >
            <div
              class="column css-1jnol8s"
            >
              <div
                class="image-tile clearfix  item image image1"
              >
                <div
                  class="shadowOverlay clearfix"
                >
                  <img
                    alt=""
                    class="imageDiv imageDiv1 cld-responsive css-1wkqgr2"
                    src="https://res.cloudinary.com/alisonkhall/image/upload/h_900,c_scale,f_auto,q_auto/v1776209319/ArchitraveDesign/1-New-Homes/8-Princess-Margaret-Classic/1_x7zkiz.jpg"
                  />
                </div>
              </div>
            </div>
            <div
              class="column css-170iogb"
            >
              <div
                class="image-tile clearfix  item image image2"
              >
                <div
                  class="shadowOverlay clearfix"
                >
                  <img
                    alt=""
                    class="imageDiv imageDiv2 cld-responsive css-1wqo4g1"
                    src="https://res.cloudinary.com/alisonkhall/image/upload/h_900,c_scale,f_auto,q_auto/v1776209319/ArchitraveDesign/1-New-Homes/8-Princess-Margaret-Classic/2_ah1ebs.jpg"
                  />
                </div>
              </div>
            </div>
          </div>
          <div
            class="row css-3czr7x"
          >
            <div
              class="column css-aw7wqq"
            >
              <section
                class="textBlurb  item"
              >
                <div
                  class="headingSection"
                >
                  <h2
                    class="title"
                  >
                    Princess Margaret Classic
                  </h2>
                </div>
                <p
                  class="text"
                >
                  This expansive home is designed for family gatherings and entertaining. Everything centres on a light-filled double-height dining room.
                </p>
              </section>
            </div>
          </div>
          <div
            class="row css-1obek1y"
          >
            <div
              class="column css-aw7wqq"
            >
              <div
                class="item  image image11"
              >
                <iframe
                  allow="xr-spatial-tracking; gyroscope; accelerometer"
                  frameborder="0"
                  height="500"
                  scrolling="no"
                  src="https://kuula.co/share/LlHdJ?logo=1&info=1&fs=1&vr=0&sd=1&autorotate=0.43&thumbs=1"
                  width="100%"
                />
              </div>
            </div>
          </div>
          <div
            class="row css-15p7jjd"
          >
            <div
              class="column css-ha4759"
            >
              <div
                class="image-tile clearfix  item image image3"
              >
                <div
                  class="shadowOverlay clearfix"
                >
                  <img
                    alt=""
                    class="imageDiv imageDiv3 cld-responsive css-xpyefz"
                    src="https://res.cloudinary.com/alisonkhall/image/upload/h_700,c_scale,f_auto,q_auto/v1776209319/ArchitraveDesign/1-New-Homes/8-Princess-Margaret-Classic/3_bf2mb2.jpg"
                  />
                </div>
              </div>
            </div>
            <div
              class="column css-xrwi6r"
            >
              <div
                class="image-tile clearfix  item image image4"
              >
                <div
                  class="shadowOverlay clearfix"
                >
                  <img
                    alt=""
                    class="imageDiv imageDiv4 cld-responsive css-2c5m30"
                    src="https://res.cloudinary.com/alisonkhall/image/upload/h_700,c_scale,f_auto,q_auto/v1776209318/ArchitraveDesign/1-New-Homes/8-Princess-Margaret-Classic/4_im2bye.jpg"
                  />
                </div>
              </div>
            </div>
          </div>
          <div
            class="row css-1xigkwb"
          >
            <div
              class="column css-aw7wqq"
            >
              <div
                class="item  image image12"
              >
                <iframe
                  allow="xr-spatial-tracking; gyroscope; accelerometer"
                  frameborder="0"
                  height="400"
                  scrolling="no"
                  src="https://kuula.co/share/LlHdT?logo=1&info=1&fs=1&vr=0&sd=1&autorotate=0.43&thumbs=1"
                  width="100%"
                />
              </div>
            </div>
            <div
              class="column css-aw7wqq"
            >
              <div
                class="item  image image13"
              >
                <iframe
                  allow="xr-spatial-tracking; gyroscope; accelerometer"
                  frameborder="0"
                  height="400"
                  scrolling="no"
                  src="https://kuula.co/share/LlHdt?logo=1&info=1&fs=1&vr=0&sd=1&autorotate=0.43&thumbs=1"
                  width="100%"
                />
              </div>
            </div>
          </div>
          <div
            class="row css-15p7jjd"
          >
            <div
              class="column css-1xamtzh"
            >
              <div
                class="image-tile clearfix  item image image5"
              >
                <div
                  class="shadowOverlay clearfix"
                >
                  <img
                    alt=""
                    class="imageDiv imageDiv5 cld-responsive css-19dup7s"
                    src="https://res.cloudinary.com/alisonkhall/image/upload/h_700,c_scale,f_auto,q_auto/v1776209318/ArchitraveDesign/1-New-Homes/8-Princess-Margaret-Classic/5_fzrdsw.jpg"
                  />
                </div>
              </div>
            </div>
            <div
              class="column css-1xamtzh"
            >
              <div
                class="image-tile clearfix  item image image6"
              >
                <div
                  class="shadowOverlay clearfix"
                >
                  <img
                    alt=""
                    class="imageDiv imageDiv6 cld-responsive css-qrta6s"
                    src="https://res.cloudinary.com/alisonkhall/image/upload/h_700,c_scale,f_auto,q_auto/v1776209343/ArchitraveDesign/1-New-Homes/8-Princess-Margaret-Classic/6_uimiia.jpg"
                  />
                </div>
              </div>
            </div>
            <div
              class="column css-1xamtzh"
            >
              <div
                class="image-tile clearfix  item image image7"
              >
                <div
                  class="shadowOverlay clearfix"
                >
                  <img
                    alt=""
                    class="imageDiv imageDiv7 cld-responsive css-m34dza"
                    src="https://res.cloudinary.com/alisonkhall/image/upload/h_700,c_scale,f_auto,q_auto/v1776209343/ArchitraveDesign/1-New-Homes/8-Princess-Margaret-Classic/8_uii1fg.jpg"
                  />
                </div>
              </div>
            </div>
          </div>
          <div
            class="row css-15p7jjd"
          >
            <div
              class="column css-1lk8tvu"
            >
              <div
                class="image-tile clearfix  item image image8"
              >
                <div
                  class="shadowOverlay clearfix"
                >
                  <img
                    alt=""
                    class="imageDiv imageDiv8 cld-responsive css-1w9t0u2"
                    src="https://res.cloudinary.com/alisonkhall/image/upload/h_700,c_scale,f_auto,q_auto/v1776209345/ArchitraveDesign/1-New-Homes/8-Princess-Margaret-Classic/10_ldpclf.jpg"
                  />
                </div>
              </div>
            </div>
            <div
              class="column css-73qb2g"
            >
              <div
                class="image-tile clearfix  item image image9"
              >
                <div
                  class="shadowOverlay clearfix"
                >
                  <img
                    alt=""
                    class="imageDiv imageDiv9 cld-responsive css-1w9t0u2"
                    src="https://res.cloudinary.com/alisonkhall/image/upload/h_700,c_scale,f_auto,q_auto/v1776209345/ArchitraveDesign/1-New-Homes/8-Princess-Margaret-Classic/11_l5rvhs.jpg"
                  />
                </div>
              </div>
            </div>
            <div
              class="column css-73qb2g"
            >
              <div
                class="image-tile clearfix  item image image10"
              >
                <div
                  class="shadowOverlay clearfix"
                >
                  <img
                    alt=""
                    class="imageDiv imageDiv10 cld-responsive css-18ffqto"
                    src="https://res.cloudinary.com/alisonkhall/image/upload/h_700,c_scale,f_auto,q_auto/v1776209345/ArchitraveDesign/1-New-Homes/8-Princess-Margaret-Classic/12_goklqz.jpg"
                  />
                </div>
              </div>
            </div>
          </div>
          <a
            class="prevProject"
            href="/portfolio/new-homes/kingsway-transitional"
          >
            <img
              alt=""
              src="test-file-stub"
            />
            <span>
              Previous Project
            </span>
          </a>
          <a
            class="nextProject"
            href="/portfolio/new-homes/traditional-kingsway-park"
          >
            <span>
              Next Project
            </span>
            <img
              alt=""
              src="test-file-stub"
            />
          </a>
        </section>
        <section
          class="contentWrapper layoutAll layoutProject wideLayout"
        >
          <div
            class="row css-1q5zdjj"
          >
            <div
              class="column css-1jnol8s"
            >
              <div
                class="image-tile clearfix  item image image1"
              >
                <div
                  class="shadowOverlay clearfix"
                >
                  <img
                    alt=""
                    class="imageDiv imageDiv1 cld-responsive css-1wkqgr2"
                    src="https://res.cloudinary.com/alisonkhall/image/upload/h_1200,c_scale,f_auto,q_auto/v1776209319/ArchitraveDesign/1-New-Homes/8-Princess-Margaret-Classic/1_x7zkiz.jpg"
                  />
                </div>
              </div>
            </div>
            <div
              class="column css-170iogb"
            >
              <div
                class="image-tile clearfix  item image image2"
              >
                <div
                  class="shadowOverlay clearfix"
                >
                  <img
                    alt=""
                    class="imageDiv imageDiv2 cld-responsive css-1wqo4g1"
                    src="https://res.cloudinary.com/alisonkhall/image/upload/h_1200,c_scale,f_auto,q_auto/v1776209319/ArchitraveDesign/1-New-Homes/8-Princess-Margaret-Classic/2_ah1ebs.jpg"
                  />
                </div>
              </div>
            </div>
          </div>
          <div
            class="row css-3czr7x"
          >
            <div
              class="column css-aw7wqq"
            >
              <section
                class="textBlurb  item"
              >
                <div
                  class="headingSection"
                >
                  <h2
                    class="title"
                  >
                    Princess Margaret Classic
                  </h2>
                </div>
                <p
                  class="text"
                >
                  This expansive home is designed for family gatherings and entertaining. Everything centres on a light-filled double-height dining room.
                </p>
              </section>
            </div>
          </div>
          <div
            class="row css-1obek1y"
          >
            <div
              class="column css-aw7wqq"
            >
              <div
                class="item  image image11"
              >
                <iframe
                  allow="xr-spatial-tracking; gyroscope; accelerometer"
                  frameborder="0"
                  height="500"
                  scrolling="no"
                  src="https://kuula.co/share/LlHdJ?logo=1&info=1&fs=1&vr=0&sd=1&autorotate=0.43&thumbs=1"
                  width="100%"
                />
              </div>
            </div>
          </div>
          <div
            class="row css-3ltfle"
          >
            <div
              class="column css-ha4759"
            >
              <div
                class="image-tile clearfix  item image image3"
              >
                <div
                  class="shadowOverlay clearfix"
                >
                  <img
                    alt=""
                    class="imageDiv imageDiv3 cld-responsive css-xpyefz"
                    src="https://res.cloudinary.com/alisonkhall/image/upload/h_960,c_scale,f_auto,q_auto/v1776209319/ArchitraveDesign/1-New-Homes/8-Princess-Margaret-Classic/3_bf2mb2.jpg"
                  />
                </div>
              </div>
            </div>
            <div
              class="column css-xrwi6r"
            >
              <div
                class="image-tile clearfix  item image image4"
              >
                <div
                  class="shadowOverlay clearfix"
                >
                  <img
                    alt=""
                    class="imageDiv imageDiv4 cld-responsive css-2c5m30"
                    src="https://res.cloudinary.com/alisonkhall/image/upload/h_960,c_scale,f_auto,q_auto/v1776209318/ArchitraveDesign/1-New-Homes/8-Princess-Margaret-Classic/4_im2bye.jpg"
                  />
                </div>
              </div>
            </div>
          </div>
          <div
            class="row css-1xigkwb"
          >
            <div
              class="column css-aw7wqq"
            >
              <div
                class="item  image image12"
              >
                <iframe
                  allow="xr-spatial-tracking; gyroscope; accelerometer"
                  frameborder="0"
                  height="400"
                  scrolling="no"
                  src="https://kuula.co/share/LlHdT?logo=1&info=1&fs=1&vr=0&sd=1&autorotate=0.43&thumbs=1"
                  width="100%"
                />
              </div>
            </div>
            <div
              class="column css-aw7wqq"
            >
              <div
                class="item  image image13"
              >
                <iframe
                  allow="xr-spatial-tracking; gyroscope; accelerometer"
                  frameborder="0"
                  height="400"
                  scrolling="no"
                  src="https://kuula.co/share/LlHdt?logo=1&info=1&fs=1&vr=0&sd=1&autorotate=0.43&thumbs=1"
                  width="100%"
                />
              </div>
            </div>
          </div>
          <div
            class="row css-3ltfle"
          >
            <div
              class="column css-1xamtzh"
            >
              <div
                class="image-tile clearfix  item image image5"
              >
                <div
                  class="shadowOverlay clearfix"
                >
                  <img
                    alt=""
                    class="imageDiv imageDiv5 cld-responsive css-19dup7s"
                    src="https://res.cloudinary.com/alisonkhall/image/upload/h_960,c_scale,f_auto,q_auto/v1776209318/ArchitraveDesign/1-New-Homes/8-Princess-Margaret-Classic/5_fzrdsw.jpg"
                  />
                </div>
              </div>
            </div>
            <div
              class="column css-1xamtzh"
            >
              <div
                class="image-tile clearfix  item image image6"
              >
                <div
                  class="shadowOverlay clearfix"
                >
                  <img
                    alt=""
                    class="imageDiv imageDiv6 cld-responsive css-qrta6s"
                    src="https://res.cloudinary.com/alisonkhall/image/upload/h_960,c_scale,f_auto,q_auto/v1776209343/ArchitraveDesign/1-New-Homes/8-Princess-Margaret-Classic/6_uimiia.jpg"
                  />
                </div>
              </div>
            </div>
            <div
              class="column css-1xamtzh"
            >
              <div
                class="image-tile clearfix  item image image7"
              >
                <div
                  class="shadowOverlay clearfix"
                >
                  <img
                    alt=""
                    class="imageDiv imageDiv7 cld-responsive css-m34dza"
                    src="https://res.cloudinary.com/alisonkhall/image/upload/h_960,c_scale,f_auto,q_auto/v1776209343/ArchitraveDesign/1-New-Homes/8-Princess-Margaret-Classic/8_uii1fg.jpg"
                  />
                </div>
              </div>
            </div>
          </div>
          <div
            class="row css-3ltfle"
          >
            <div
              class="column css-1lk8tvu"
            >
              <div
                class="image-tile clearfix  item image image8"
              >
                <div
                  class="shadowOverlay clearfix"
                >
                  <img
                    alt=""
                    class="imageDiv imageDiv8 cld-responsive css-1w9t0u2"
                    src="https://res.cloudinary.com/alisonkhall/image/upload/h_960,c_scale,f_auto,q_auto/v1776209345/ArchitraveDesign/1-New-Homes/8-Princess-Margaret-Classic/10_ldpclf.jpg"
                  />
                </div>
              </div>
            </div>
            <div
              class="column css-73qb2g"
            >
              <div
                class="image-tile clearfix  item image image9"
              >
                <div
                  class="shadowOverlay clearfix"
                >
                  <img
                    alt=""
                    class="imageDiv imageDiv9 cld-responsive css-1w9t0u2"
                    src="https://res.cloudinary.com/alisonkhall/image/upload/h_960,c_scale,f_auto,q_auto/v1776209345/ArchitraveDesign/1-New-Homes/8-Princess-Margaret-Classic/11_l5rvhs.jpg"
                  />
                </div>
              </div>
            </div>
            <div
              class="column css-73qb2g"
            >
              <div
                class="image-tile clearfix  item image image10"
              >
                <div
                  class="shadowOverlay clearfix"
                >
                  <img
                    alt=""
                    class="imageDiv imageDiv10 cld-responsive css-18ffqto"
                    src="https://res.cloudinary.com/alisonkhall/image/upload/h_960,c_scale,f_auto,q_auto/v1776209345/ArchitraveDesign/1-New-Homes/8-Princess-Margaret-Classic/12_goklqz.jpg"
                  />
                </div>
              </div>
            </div>
          </div>
          <a
            class="prevProject"
            href="/portfolio/new-homes/kingsway-transitional"
          >
            <img
              alt=""
              src="test-file-stub"
            />
            <span>
              Previous Project
            </span>
          </a>
          <a
            class="nextProject"
            href="/portfolio/new-homes/traditional-kingsway-park"
          >
            <span>
              Next Project
            </span>
            <img
              alt=""
              src="test-file-stub"
            />
          </a>
        </section>
      </main>
      <footer>
        <div
          class="houzz-badges"
        >
          <a
            class="houzz-badge houzz-logo-footer"
            href="http://www.houzz.com/pro/architrave/architrave-design-architect"
            title="Architrave Design on Houzz"
          >
            <img
              alt="Houzz logo"
              src="test-file-stub"
            />
          </a>
          <a
            class="houzz-badge best-of-houzz-footer"
            href="http://www.houzz.com/pro/architrave/architrave-design-architect"
            title="Best of Houzz 2021"
          >
            <img
              alt="Best of Houzz 2021 badge"
              src="test-file-stub"
            />
          </a>
          <a
            class="houzz-badge best-of-houzz-footer"
            href="http://www.houzz.com/pro/architrave/architrave-design-architect"
            title="Best of Houzz 2026"
          >
            <img
              alt="Best of Houzz 2026 badge"
              src="test-file-stub"
            />
          </a>
        </div>
        <a
          class="sitemap"
          href="/sitemap"
        >
          Site Map
        </a>
        <p
          class="copyright"
        >
          © 
          2026
        </p>
        <p
          class="websiteBy"
        >
          Website by 
          <a
            href="https://alisonkhall.com/"
          >
            Alison Hall
          </a>
        </p>
      </footer>
    </div>
  </div>
</div>
`;
